../Core/Src/driver.c:33:6:driverFunctionsInit	24	static
../Core/Src/driver.c:43:6:driverInit	24	static
../Core/Src/driver.c:92:6:setAutoPowerMode	16	static
../Core/Src/driver.c:101:6:setRunMode	16	static
../Core/Src/driver.c:108:6:resetDriverTimers	16	static
../Core/Src/driver.c:115:6:resetMotor	16	static
../Core/Src/driver.c:124:6:setDriverDir	16	static
../Core/Src/driver.c:131:6:invertDriverPinDir	16	static
../Core/Src/driver.c:138:6:invertDriverPinEn	16	static
../Core/Src/driver.c:145:10:getMinPeriod	24	static
../Core/Src/driver.c:167:16:tickDriver	16	static
../Core/Src/driver.c:200:6:enableDriver	16	static
../Core/Src/driver.c:209:6:disableDriver	16	static
../Core/Src/driver.c:217:6:stop	32	static
../Core/Src/driver.c:250:6:brakeDriver	16	static
../Core/Src/driver.c:264:6:resetDriver	16	static
../Core/Src/driver.c:272:6:stepDriver	16	static
../Core/Src/driver.c:284:16:getStatusDriver	16	static
../Core/Src/driver.c:295:6:plannerPositionMode	48	static
../Core/Src/driver.c:344:16:setTargetPos	32	static
../Core/Src/driver.c:392:16:setTargetPosDeg	16	static
../Core/Src/driver.c:399:9:getTargetPos	16	static
../Core/Src/driver.c:406:7:getTargetPosDeg	16	static
../Core/Src/driver.c:414:16:setMaxSpeed	16	static
../Core/Src/driver.c:426:16:setMaxSpeedDeg	16	static
../Core/Src/driver.c:436:16:setAcceleration	16	static
../Core/Src/driver.c:456:16:setAccelerationDeg	16	static
../Core/Src/driver.c:463:16:setCurrentPos	16	static
../Core/Src/driver.c:475:16:setCurrentPosDeg	16	static
../Core/Src/driver.c:482:9:getCurrentPos	16	static
../Core/Src/driver.c:489:7:getCurrentPosDeg	16	static
../Core/Src/driver.c:504:6:plannerVelocityMode	48	static
../Core/Src/driver.c:552:16:setTargetSpeed	24	static
../Core/Src/driver.c:594:16:setTargetSpeedDeg	16	static
../Core/Src/driver.c:601:7:getTargetSpeed	16	static
../Core/Src/driver.c:608:7:getTargetSpeedDeg	16	static
../Core/Src/driver.c:615:7:getCurrentSpeed	16	static
../Core/Src/driver.c:622:7:getCurrentSpeedDeg	16	static
../Core/Src/driver.c:637:9:map	24	static
../Core/Src/driver.c:646:9:constrain	24	static
