../Core/Src/driver.c:23:6:driverFunctionsInit	24	static
../Core/Src/driver.c:33:6:driverInit	24	static
../Core/Src/driver.c:102:6:setDriverAxisType	16	static
../Core/Src/driver.c:109:6:setDriverAutoPowerMode	16	static
../Core/Src/driver.c:118:6:setDriverRunMode	16	static
../Core/Src/driver.c:125:6:setDriverStepsPerRev	16	static
../Core/Src/driver.c:133:6:resetDriverTimers	16	static
../Core/Src/driver.c:142:6:setDriverDir	16	static
../Core/Src/driver.c:149:6:invertDriverPinDir	16	static
../Core/Src/driver.c:156:6:invertDriverPinEn	16	static
../Core/Src/driver.c:163:6:enableDriver	16	static
../Core/Src/driver.c:172:6:disableDriver	16	static
../Core/Src/driver.c:180:10:getMinPeriod	24	static
../Core/Src/driver.c:202:16:tickDriver	16	static
../Core/Src/driver.c:236:6:stopDriver	32	static
../Core/Src/driver.c:269:6:brakeDriver	16	static
../Core/Src/driver.c:281:6:resetDriver	16	static
../Core/Src/driver.c:294:16:getDriverStatus	16	static
../Core/Src/driver.c:305:6:plannerPositionMode	48	static
../Core/Src/driver.c:355:16:setDriverTargetPos	32	static
../Core/Src/driver.c:403:16:setDriverTargetPosDeg	16	static
../Core/Src/driver.c:414:16:setDriverTargetPosMm	16	static
../Core/Src/driver.c:425:9:getDriverTargetPos	16	static
../Core/Src/driver.c:432:7:getDriverTargetPosDeg	16	static
../Core/Src/driver.c:439:7:getDriverTargetPosMm	16	static
../Core/Src/driver.c:447:16:setDriverMaxSpeed	16	static
../Core/Src/driver.c:459:16:setDriverMaxSpeedDeg	16	static
../Core/Src/driver.c:470:16:setDriverMaxSpeedMm	24	static
../Core/Src/driver.c:481:16:setDriverAcceleration	16	static
../Core/Src/driver.c:499:16:setDriverAccelerationDeg	16	static
../Core/Src/driver.c:510:16:setDriverAccelerationMm	16	static
../Core/Src/driver.c:521:16:setDriverCurrentPos	16	static
../Core/Src/driver.c:533:16:setDriverCurrentPosDeg	16	static
../Core/Src/driver.c:544:16:setDriverCurrentPosMm	16	static
../Core/Src/driver.c:555:9:getDriverCurrentPos	16	static
../Core/Src/driver.c:562:7:getDriverCurrentPosDeg	16	static
../Core/Src/driver.c:573:7:getDriverCurrentPosMm	16	static
../Core/Src/driver.c:592:6:plannerVelocityMode	48	static
../Core/Src/driver.c:640:16:setDriverTargetSpeed	24	static
../Core/Src/driver.c:682:16:setDriverTargetSpeedDeg	16	static
../Core/Src/driver.c:693:16:setDriverTargetSpeedMm	16	static
../Core/Src/driver.c:705:7:getDriverTargetSpeed	16	static
../Core/Src/driver.c:712:7:getDriverTargetSpeedDeg	16	static
../Core/Src/driver.c:723:7:getDriverTargetSpeedMm	16	static
../Core/Src/driver.c:734:7:getDriverCurrentSpeed	16	static
../Core/Src/driver.c:741:7:getDriverCurrentSpeedDeg	16	static
../Core/Src/driver.c:752:7:getDriverCurrentSpeedMm	16	static
../Core/Src/driver.c:771:9:map	24	static
../Core/Src/driver.c:780:9:constrain	24	static
