../Core/Src/driver.c:23:6:driverFunctionsInit	24	static
../Core/Src/driver.c:33:6:driverInit	24	static
../Core/Src/driver.c:100:6:setDriverAxisType	16	static
../Core/Src/driver.c:122:6:setDriverAutoPowerMode	16	static
../Core/Src/driver.c:131:6:setDriverRunMode	16	static
../Core/Src/driver.c:138:6:setDriverStepsPerRev	16	static
../Core/Src/driver.c:147:6:resetDriverTimers	16	static
../Core/Src/driver.c:156:6:setDriverDir	16	static
../Core/Src/driver.c:163:6:invertDriverPinDir	16	static
../Core/Src/driver.c:170:6:invertDriverPinEn	16	static
../Core/Src/driver.c:177:6:enableDriver	16	static
../Core/Src/driver.c:186:6:disableDriver	16	static
../Core/Src/driver.c:194:10:getMinPeriod	24	static
../Core/Src/driver.c:216:16:tickDriver	16	static
../Core/Src/driver.c:250:6:stopDriver	32	static
../Core/Src/driver.c:283:6:brakeDriver	16	static
../Core/Src/driver.c:295:6:resetDriver	16	static
../Core/Src/driver.c:308:16:getDriverStatus	16	static
../Core/Src/driver.c:319:6:plannerPositionMode	48	static
../Core/Src/driver.c:369:23:setDriverTargetPos	32	static
../Core/Src/driver.c:417:23:setDriverTargetPosDeg	16	static
../Core/Src/driver.c:428:23:setDriverTargetPosMm	16	static
../Core/Src/driver.c:439:9:getDriverTargetPos	16	static
../Core/Src/driver.c:446:7:getDriverTargetPosDeg	16	static
../Core/Src/driver.c:453:7:getDriverTargetPosMm	16	static
../Core/Src/driver.c:461:23:setDriverMaxSpeed	16	static
../Core/Src/driver.c:473:23:setDriverMaxSpeedDeg	16	static
../Core/Src/driver.c:484:23:setDriverMaxSpeedMm	24	static
../Core/Src/driver.c:495:23:setDriverAcceleration	16	static
../Core/Src/driver.c:513:23:setDriverAccelerationDeg	16	static
../Core/Src/driver.c:524:23:setDriverAccelerationMm	16	static
../Core/Src/driver.c:535:23:setDriverCurrentPos	16	static
../Core/Src/driver.c:547:23:setDriverCurrentPosDeg	16	static
../Core/Src/driver.c:558:23:setDriverCurrentPosMm	16	static
../Core/Src/driver.c:569:9:getDriverCurrentPos	16	static
../Core/Src/driver.c:576:7:getDriverCurrentPosDeg	16	static
../Core/Src/driver.c:587:7:getDriverCurrentPosMm	16	static
../Core/Src/driver.c:606:6:plannerVelocityMode	48	static
../Core/Src/driver.c:654:23:setDriverTargetSpeed	24	static
../Core/Src/driver.c:696:23:setDriverTargetSpeedDeg	16	static
../Core/Src/driver.c:707:23:setDriverTargetSpeedMm	16	static
../Core/Src/driver.c:719:7:getDriverTargetSpeed	16	static
../Core/Src/driver.c:726:7:getDriverTargetSpeedDeg	16	static
../Core/Src/driver.c:737:7:getDriverTargetSpeedMm	16	static
../Core/Src/driver.c:748:7:getDriverCurrentSpeed	16	static
../Core/Src/driver.c:755:7:getDriverCurrentSpeedDeg	16	static
../Core/Src/driver.c:766:7:getDriverCurrentSpeedMm	16	static
../Core/Src/driver.c:785:9:map	24	static
../Core/Src/driver.c:794:9:constrain	24	static
