../Core/Src/laser.c:16:6:laserInit	16	static
../Core/Src/laser.c:28:6:enableLaser	16	static
../Core/Src/laser.c:41:6:disableLaser	16	static
../Core/Src/laser.c:59:6:invertLaserPinEn	16	static
../Core/Src/laser.c:68:6:spi_transmit_package	16	static
../Core/Src/laser.c:76:6:spi_set_device_type	16	static
../Core/Src/laser.c:89:6:spi_set_laser_param	8	static
../Core/Src/laser.c:112:6:spi_get_laser_param	8	static
../Core/Src/laser.c:125:6:spi_set_power_laser	16	static
../Core/Src/laser.c:139:6:spi_get_current_param	8	static
../Core/Src/laser.c:152:6:spi_set_work_mode	8	static
../Core/Src/laser.c:165:6:spi_set_duty_mode	8	static
../Core/Src/laser.c:178:6:spi_pilot_switch	8	static
../Core/Src/laser.c:191:6:spi_get_operating_time_counter	8	static
../Core/Src/laser.c:204:6:spi_reset_operating_time_counter	8	static
../Core/Src/laser.c:217:6:spi_set_current_time	24	static
../Core/Src/laser.c:236:6:spi_get_current_time	8	static
../Core/Src/laser.c:249:6:spi_send_emergency_message	16	static
../Core/Src/laser.c:263:6:spi_get_last_logs	16	static
