../Core/Inc/fifo.h:59:6:fifoInit	16	static
../Core/Inc/fifo.h:75:6:clear	24	static
../Core/Inc/fifo.h:88:10:cellsForRead	16	static
../Core/Inc/fifo.h:96:6:availableForRead	16	static
../Core/Inc/fifo.h:104:10:cellsForWrite	24	static
../Core/Inc/fifo.h:111:6:availableForWrite	16	static
../Core/Inc/fifo.h:119:14:fifoWrite	16	static
../Core/Inc/fifo.h:135:14:fifoRead	16	static
../Core/Inc/net.h:35:6:udpSocketInit	24	static
../Core/Inc/net.h:67:6:udpReceiveCallback	24	static
../Core/Inc/net.h:79:6:udpClientSend	280	static
../Core/Inc/dwt.h:33:6:DWT_Init	4	static
../Core/Inc/dwt.h:47:8:DWT_GetDuration	24	static
../Core/Inc/dwt.h:63:6:DWT_usDelay	24	static
../Core/Inc/stepper.h:99:6:stepperFunctionsInit	16	static
../Core/Inc/stepper.h:111:6:stepperInit	16	static
../Core/Inc/stepper.h:132:6:doStep	16	static
../Core/Inc/stepper.h:152:6:setDir	16	static
../Core/Inc/stepper.h:181:6:enableStepper	16	static
../Core/Inc/stepper.h:194:6:disableStepper	16	static
../Core/Inc/stepper.h:212:6:invertPinEn	16	static
../Core/Inc/stepper.h:228:6:invertPinDir	16	static
../Core/Inc/driver.h:252:6:driverFunctionsInit	24	static
../Core/Inc/driver.h:262:6:driverInit	24	static
../Core/Inc/driver.h:311:6:setAutoPowerMode	16	static
../Core/Inc/driver.h:320:6:setMoveMode	16	static
../Core/Inc/driver.h:327:6:resetTimers	16	static
../Core/Inc/driver.h:334:6:resetMotor	16	static
../Core/Inc/driver.h:343:6:setDriverDir	16	static
../Core/Inc/driver.h:350:6:invertDriverPinDir	16	static
../Core/Inc/driver.h:357:6:invertDriverPinEn	16	static
../Core/Inc/driver.h:364:10:getMinPeriod	24	static
../Core/Inc/driver.h:386:16:tickDriver	16	static
../Core/Inc/driver.h:419:6:enableDriver	16	static
../Core/Inc/driver.h:428:6:disableDriver	16	static
../Core/Inc/driver.h:436:6:stop	32	static
../Core/Inc/driver.h:469:6:brake	16	static
../Core/Inc/driver.h:483:6:reset	16	static
../Core/Inc/driver.h:491:6:step	16	static
../Core/Inc/driver.h:503:16:getStatusDriver	16	static
../Core/Inc/driver.h:514:6:plannerPositionMode	48	static
../Core/Inc/driver.h:563:16:setTargetPos	32	static
../Core/Inc/driver.h:611:16:setTargetPosDeg	16	static
../Core/Inc/driver.h:618:9:getTargetPos	16	static
../Core/Inc/driver.h:625:7:getTargetPosDeg	16	static
../Core/Inc/driver.h:633:16:setMaxSpeed	16	static
../Core/Inc/driver.h:645:16:setMaxSpeedDeg	16	static
../Core/Inc/driver.h:655:16:setAcceleration	16	static
../Core/Inc/driver.h:675:16:setAccelerationDeg	16	static
../Core/Inc/driver.h:682:16:setCurrentPos	16	static
../Core/Inc/driver.h:694:16:setCurrentPosDeg	16	static
../Core/Inc/driver.h:701:9:getCurrentPos	16	static
../Core/Inc/driver.h:708:7:getCurrentPosDeg	16	static
../Core/Inc/driver.h:723:6:plannerVelocityMode	48	static
../Core/Inc/driver.h:771:16:setSpeed	24	static
../Core/Inc/driver.h:813:16:setSpeedDeg	16	static
../Core/Inc/driver.h:820:7:getTargetSpeed	16	static
../Core/Inc/driver.h:827:7:getTargetSpeedDeg	16	static
../Core/Inc/driver.h:834:7:getCurrentSpeed	16	static
../Core/Inc/driver.h:841:7:getCurrentSpeedDeg	16	static
../Core/Inc/driver.h:856:9:map	24	static
../Core/Inc/driver.h:865:9:constrain	24	static
../Core/Inc/planner.h:66:6:plannerInit	16	static
../Core/Inc/planner.h:78:6:addDriver	24	static
../Core/Inc/planner.h:86:6:enable	24	static
../Core/Inc/planner.h:97:6:disable	24	static
../Core/Inc/planner.h:108:6:power	16	static
../Core/Inc/planner.h:181:6:setCurrentAxes	24	static
../Core/Inc/planner.h:192:9:getCurrentAxis	16	static
../Core/Src/main.c:200:5:main	16	static
../Core/Src/main.c:305:6:SystemClock_Config	88	static
../Core/Src/main.c:351:13:MX_ADC1_Init	24	static
../Core/Src/main.c:403:13:MX_CAN1_Init	8	static
../Core/Src/main.c:440:13:MX_DAC_Init	16	static
../Core/Src/main.c:487:13:MX_I2C1_Init	8	static
../Core/Src/main.c:521:13:MX_SPI3_Init	8	static
../Core/Src/main.c:559:13:MX_TIM2_Init	32	static
../Core/Src/main.c:604:13:MX_TIM13_Init	40	static
../Core/Src/main.c:650:13:MX_USART1_UART_Init	8	static
../Core/Src/main.c:683:13:MX_USART3_UART_Init	8	static
../Core/Src/main.c:716:13:MX_USB_OTG_FS_PCD_Init	8	static
../Core/Src/main.c:751:13:MX_GPIO_Init	56	static
../Core/Src/main.c:896:6:startTimerTIM2	8	static
../Core/Src/main.c:904:6:stopTimerTIM2	8	static
../Core/Src/main.c:912:6:resetTimerTIM2	4	static
../Core/Src/main.c:922:10:getMicrosecondsTIM2	4	static
../Core/Src/main.c:930:6:udpReceiveHandler	560	static
../Core/Src/main.c:1019:6:testStepDirPin	8	static
../Core/Src/main.c:1050:6:Error_Handler	4	static,ignoring_inline_asm
