../Core/Inc/net.h:30:6:udpSocketInit	24	static
../Core/Inc/net.h:59:6:udpReceiveCallback	288	static
../Core/Inc/net.h:76:6:udpClientSend	280	static
../Core/Inc/dwt.h:33:6:DWT_Init	4	static
../Core/Inc/dwt.h:47:8:DWT_GetDuration	24	static
../Core/Inc/dwt.h:63:6:DWT_usDelay	24	static
../Core/Inc/stepper.h:99:6:stepperFunctionsInit	16	static
../Core/Inc/stepper.h:111:6:stepperInit	16	static
../Core/Inc/stepper.h:139:6:doStep	16	static
../Core/Inc/stepper.h:159:6:setDir	16	static
../Core/Inc/stepper.h:190:6:enableStepper	16	static
../Core/Inc/stepper.h:203:6:disableStepper	16	static
../Core/Inc/stepper.h:221:6:invertPinEn	16	static
../Core/Inc/stepper.h:239:6:invertPinDir	16	static
../Core/Inc/driver.h:213:6:driverFunctionsInit	24	static
../Core/Inc/driver.h:223:6:driverInit	24	static
../Core/Inc/driver.h:254:6:setAutoPowerMode	16	static
../Core/Inc/driver.h:263:6:setRunMode	16	static
../Core/Inc/driver.h:270:6:resetTimers	16	static
../Core/Inc/driver.h:277:6:resetMotor	16	static
../Core/Inc/driver.h:286:6:setDriverDir	16	static
../Core/Inc/driver.h:293:6:invertDriverPinDir	16	static
../Core/Inc/driver.h:300:6:invertDriverPinEn	16	static
../Core/Inc/driver.h:307:10:getMinPeriod	24	static
../Core/Inc/driver.h:329:13:tickDriver	16	static
../Core/Inc/driver.h:369:6:enableDriver	16	static
../Core/Inc/driver.h:381:6:disableDriver	16	static
../Core/Inc/driver.h:388:6:stop	32	static
../Core/Inc/driver.h:421:6:brake	16	static
../Core/Inc/driver.h:433:6:reset	16	static
../Core/Inc/driver.h:441:6:step	16	static
../Core/Inc/driver.h:453:13:getStatusDriver	16	static
../Core/Inc/driver.h:466:6:plannerPositionMode	56	static
../Core/Inc/driver.h:495:6:setTarget	16	static
../Core/Inc/driver.h:513:6:setTargetDeg	16	static
../Core/Inc/driver.h:520:9:getTarget	16	static
../Core/Inc/driver.h:527:7:getTargetDeg	16	static
../Core/Inc/driver.h:535:6:setMaxSpeed	16	static
../Core/Inc/driver.h:559:6:setMaxSpeedDeg	16	static
../Core/Inc/driver.h:569:6:setAcceleration	16	static
../Core/Inc/driver.h:588:6:setAccelerationDeg	16	static
../Core/Inc/driver.h:595:6:setCurrent	16	static
../Core/Inc/driver.h:603:6:setCurrentDeg	16	static
../Core/Inc/driver.h:610:9:getCurrent	16	static
../Core/Inc/driver.h:617:7:getCurrentDeg	16	static
../Core/Inc/driver.h:631:6:plannerVelocityMode	40	static
../Core/Inc/driver.h:651:6:setSpeed	48	static
../Core/Inc/driver.h:693:6:setSpeedDeg	16	static
../Core/Inc/driver.h:700:7:getSpeed	24	static
../Core/Inc/driver.h:707:7:getSpeedDeg	16	static
../Core/Inc/driver.h:722:9:map	24	static
../Core/Inc/driver.h:731:9:constrain	24	static
../Core/Inc/planner.h:66:6:plannerInit	16	static
../Core/Inc/planner.h:78:6:addDriver	24	static
../Core/Inc/planner.h:86:6:enable	24	static
../Core/Inc/planner.h:97:6:disable	24	static
../Core/Inc/planner.h:108:6:power	16	static
../Core/Inc/planner.h:181:6:setCurrentAxes	24	static
../Core/Inc/planner.h:192:9:getCurrentAxis	16	static
../Core/Src/main.c:194:5:main	8	static
../Core/Src/main.c:293:6:SystemClock_Config	88	static
../Core/Src/main.c:339:13:MX_ADC1_Init	24	static
../Core/Src/main.c:391:13:MX_CAN1_Init	8	static
../Core/Src/main.c:428:13:MX_DAC_Init	16	static
../Core/Src/main.c:475:13:MX_I2C1_Init	8	static
../Core/Src/main.c:509:13:MX_SPI3_Init	8	static
../Core/Src/main.c:547:13:MX_TIM2_Init	32	static
../Core/Src/main.c:592:13:MX_TIM13_Init	40	static
../Core/Src/main.c:638:13:MX_USART1_UART_Init	8	static
../Core/Src/main.c:671:13:MX_USART3_UART_Init	8	static
../Core/Src/main.c:704:13:MX_USB_OTG_FS_PCD_Init	8	static
../Core/Src/main.c:739:13:MX_GPIO_Init	56	static
../Core/Src/main.c:884:6:startTimerTIM2	8	static
../Core/Src/main.c:892:6:stopTimerTIM2	8	static
../Core/Src/main.c:900:6:resetTimerTIM2	4	static
../Core/Src/main.c:910:10:getMicrosecondsTIM2	4	static
../Core/Src/main.c:918:6:udpReceiveHandler	272	static
../Core/Src/main.c:935:6:testStepDirPin	8	static
../Core/Src/main.c:966:6:Error_Handler	4	static,ignoring_inline_asm
