../Core/Inc/fifo.h:59:6:fifoInit	16	static
../Core/Inc/fifo.h:75:6:clear	24	static
../Core/Inc/fifo.h:88:10:cellsForRead	16	static
../Core/Inc/fifo.h:96:6:availableForRead	16	static
../Core/Inc/fifo.h:104:10:cellsForWrite	24	static
../Core/Inc/fifo.h:111:6:availableForWrite	16	static
../Core/Inc/fifo.h:119:14:fifoWrite	16	static
../Core/Inc/fifo.h:135:14:fifoRead	16	static
../Core/Inc/net.h:35:6:udpSocketInit	24	static
../Core/Inc/net.h:67:6:udpReceiveCallback	24	static
../Core/Inc/net.h:79:6:udpClientSend	280	static
../Core/Inc/dwt.h:33:6:DWT_Init	4	static
../Core/Inc/dwt.h:47:8:DWT_GetDuration	24	static
../Core/Inc/dwt.h:63:6:DWT_usDelay	24	static
../Core/Inc/stepper.h:99:6:stepperFunctionsInit	16	static
../Core/Inc/stepper.h:111:6:stepperInit	16	static
../Core/Inc/stepper.h:139:6:doStep	16	static
../Core/Inc/stepper.h:159:6:setDir	16	static
../Core/Inc/stepper.h:190:6:enableStepper	16	static
../Core/Inc/stepper.h:203:6:disableStepper	16	static
../Core/Inc/stepper.h:221:6:invertPinEn	16	static
../Core/Inc/stepper.h:239:6:invertPinDir	16	static
../Core/Inc/driver.h:213:6:driverFunctionsInit	24	static
../Core/Inc/driver.h:223:6:driverInit	24	static
../Core/Inc/driver.h:254:6:setAutoPowerMode	16	static
../Core/Inc/driver.h:263:6:setRunMode	16	static
../Core/Inc/driver.h:270:6:resetTimers	16	static
../Core/Inc/driver.h:277:6:resetMotor	16	static
../Core/Inc/driver.h:286:6:setDriverDir	16	static
../Core/Inc/driver.h:293:6:invertDriverPinDir	16	static
../Core/Inc/driver.h:300:6:invertDriverPinEn	16	static
../Core/Inc/driver.h:307:10:getMinPeriod	24	static
../Core/Inc/driver.h:329:14:tickDriver	16	static
../Core/Inc/driver.h:369:6:enableDriver	16	static
../Core/Inc/driver.h:381:6:disableDriver	16	static
../Core/Inc/driver.h:389:6:stop	32	static
../Core/Inc/driver.h:422:6:brake	16	static
../Core/Inc/driver.h:434:6:reset	16	static
../Core/Inc/driver.h:442:6:step	16	static
../Core/Inc/driver.h:454:14:getStatusDriver	16	static
../Core/Inc/driver.h:467:6:plannerPositionMode	56	static
../Core/Inc/driver.h:496:6:setTarget	16	static
../Core/Inc/driver.h:514:6:setTargetDeg	16	static
../Core/Inc/driver.h:521:9:getTarget	16	static
../Core/Inc/driver.h:528:7:getTargetDeg	16	static
../Core/Inc/driver.h:536:6:setMaxSpeed	16	static
../Core/Inc/driver.h:561:6:setMaxSpeedDeg	16	static
../Core/Inc/driver.h:571:6:setAcceleration	16	static
../Core/Inc/driver.h:590:6:setAccelerationDeg	16	static
../Core/Inc/driver.h:597:6:setCurrent	16	static
../Core/Inc/driver.h:605:6:setCurrentDeg	16	static
../Core/Inc/driver.h:612:9:getCurrent	16	static
../Core/Inc/driver.h:619:7:getCurrentDeg	16	static
../Core/Inc/driver.h:633:6:plannerVelocityMode	40	static
../Core/Inc/driver.h:653:6:setSpeed	48	static
../Core/Inc/driver.h:695:6:setSpeedDeg	16	static
../Core/Inc/driver.h:702:7:getSpeed	24	static
../Core/Inc/driver.h:709:7:getSpeedDeg	16	static
../Core/Inc/driver.h:724:9:map	24	static
../Core/Inc/driver.h:733:9:constrain	24	static
../Core/Inc/planner.h:66:6:plannerInit	16	static
../Core/Inc/planner.h:78:6:addDriver	24	static
../Core/Inc/planner.h:86:6:enable	24	static
../Core/Inc/planner.h:97:6:disable	24	static
../Core/Inc/planner.h:108:6:power	16	static
../Core/Inc/planner.h:181:6:setCurrentAxes	24	static
../Core/Inc/planner.h:192:9:getCurrentAxis	16	static
../Core/Src/main.c:200:5:main	8	static
../Core/Src/main.c:303:6:SystemClock_Config	88	static
../Core/Src/main.c:349:13:MX_ADC1_Init	24	static
../Core/Src/main.c:401:13:MX_CAN1_Init	8	static
../Core/Src/main.c:438:13:MX_DAC_Init	16	static
../Core/Src/main.c:485:13:MX_I2C1_Init	8	static
../Core/Src/main.c:519:13:MX_SPI3_Init	8	static
../Core/Src/main.c:557:13:MX_TIM2_Init	32	static
../Core/Src/main.c:602:13:MX_TIM13_Init	40	static
../Core/Src/main.c:648:13:MX_USART1_UART_Init	8	static
../Core/Src/main.c:681:13:MX_USART3_UART_Init	8	static
../Core/Src/main.c:714:13:MX_USB_OTG_FS_PCD_Init	8	static
../Core/Src/main.c:749:13:MX_GPIO_Init	56	static
../Core/Src/main.c:894:6:startTimerTIM2	8	static
../Core/Src/main.c:902:6:stopTimerTIM2	8	static
../Core/Src/main.c:910:6:resetTimerTIM2	4	static
../Core/Src/main.c:920:10:getMicrosecondsTIM2	4	static
../Core/Src/main.c:928:6:udpReceiveHandler	272	static
../Core/Src/main.c:981:6:testStepDirPin	8	static
../Core/Src/main.c:1012:6:Error_Handler	4	static,ignoring_inline_asm
