../Core/Inc/net.h:25:6:udpSocketInit	24	static
../Core/Inc/net.h:54:6:udpReceiveCallback	288	static
../Core/Inc/net.h:68:6:udpClientSend	280	static
../Core/Src/main.c:97:5:main	8	static
../Core/Src/main.c:159:6:SystemClock_Config	88	static
../Core/Src/main.c:205:13:MX_ADC1_Init	24	static
../Core/Src/main.c:257:13:MX_CAN1_Init	8	static
../Core/Src/main.c:294:13:MX_DAC_Init	16	static
../Core/Src/main.c:341:13:MX_I2C1_Init	8	static
../Core/Src/main.c:375:13:MX_SPI3_Init	8	static
../Core/Src/main.c:413:13:MX_TIM1_Init	80	static
../Core/Src/main.c:490:13:MX_TIM3_Init	48	static
../Core/Src/main.c:551:13:MX_TIM13_Init	40	static
../Core/Src/main.c:597:13:MX_USART1_UART_Init	8	static
../Core/Src/main.c:630:13:MX_USART3_UART_Init	8	static
../Core/Src/main.c:663:13:MX_USB_OTG_FS_PCD_Init	8	static
../Core/Src/main.c:698:13:MX_GPIO_Init	56	static
../Core/Src/main.c:822:6:Error_Handler	4	static,ignoring_inline_asm
