../Core/Src/main.c:247:5:main	24	static
../Core/Src/main.c:388:6:SystemClock_Config	88	static
../Core/Src/main.c:434:13:MX_ADC1_Init	24	static
../Core/Src/main.c:486:13:MX_CAN1_Init	8	static
../Core/Src/main.c:523:13:MX_DAC_Init	16	static
../Core/Src/main.c:570:13:MX_I2C1_Init	8	static
../Core/Src/main.c:604:13:MX_SPI3_Init	8	static
../Core/Src/main.c:642:13:MX_TIM1_Init	32	static
../Core/Src/main.c:688:13:MX_TIM2_Init	32	static
../Core/Src/main.c:733:13:MX_TIM13_Init	40	static
../Core/Src/main.c:779:13:MX_USART1_UART_Init	8	static
../Core/Src/main.c:812:13:MX_USART3_UART_Init	8	static
../Core/Src/main.c:845:13:MX_USB_OTG_FS_PCD_Init	8	static
../Core/Src/main.c:880:13:MX_GPIO_Init	56	static
../Core/Src/main.c:1025:6:startTimerTIM1	8	static
../Core/Src/main.c:1034:6:startTimerTIM2	8	static
../Core/Src/main.c:1042:6:stopTimerTIM2	8	static
../Core/Src/main.c:1050:6:resetTimerTIM2	4	static
../Core/Src/main.c:1060:10:getMicrosecondsTIM2	4	static
../Core/Src/main.c:1068:6:udpReceiveHandlerEcho	360	static
../Core/Src/main.c:1629:6:testStepDirPin	8	static
../Core/Src/main.c:1668:6:Error_Handler	4	static,ignoring_inline_asm
