../Core/Src/net.c:49:6:UDP_Init	24	static
../Core/Src/net.c:85:6:udpReceiveDataStructClear	16	static
../Core/Src/net.c:101:6:udpReceiveCallback	32	static
../Core/Src/net.c:123:6:udpClientSendResponseChar	280	static
../Core/Src/net.c:143:6:udpClientSendResponse	24	static
../Core/Src/net.c:160:9:udpCalculateChecksum	24	static
../Core/Src/net.c:172:6:udpReceiveHandler	8	static
../Core/Src/net.c:270:6:udpCommandFreeRun	24	static
../Core/Src/net.c:297:6:udpCommandSendSoftVersion	32	static
../Core/Src/net.c:322:6:udpCommandSetAxisParam	16	static
../Core/Src/net.c:343:6:udpCommandGetAxisParam	48	static
../Core/Src/net.c:365:6:udpCommandGetAxesState	72	static
../Core/Src/net.c:388:6:udpCommandSetCurrentPosZero	16	static
../Core/Src/net.c:407:6:udpCommandStartAxesZeroing	4	static
../Core/Src/net.c:415:6:udpCommandStartProcess	16	static
../Core/Src/net.c:433:6:udpCommandStopProcess	48	static
../Core/Src/net.c:456:6:udpCommandPauseProcess	16	static
../Core/Src/net.c:475:6:udpCommandResumeProcess	16	static
