../Core/Src/planner.c:42:6:plannerFunctionsInit	16	static
../Core/Src/planner.c:50:6:plannerInit	24	static
../Core/Src/planner.c:89:6:tickPlanner	24	static
../Core/Src/planner.c:136:6:plannerVelocity	40	static
../Core/Src/planner.c:171:6:plannerPhase	16	static
../Core/Src/planner.c:188:6:calculatePlannerInitialParam	32	static
../Core/Src/planner.c:217:16:setPlannerAcceleration	16	static
../Core/Src/planner.c:237:16:setPlannerMaxSpeed	16	static
../Core/Src/planner.c:249:6:addDriver	24	static
../Core/Src/planner.c:256:6:enablePlanner	24	static
../Core/Src/planner.c:266:6:disablePlanner	24	static
../Core/Src/planner.c:277:6:power	16	static
../Core/Src/planner.c:301:6:pausePlanner	16	static
../Core/Src/planner.c:313:6:resumePlanner	16	static
../Core/Src/planner.c:324:6:stopPlanner	16	static
../Core/Src/planner.c:331:6:brakePlanner	16	static
../Core/Src/planner.c:363:16:setCurrentAxes	24	static
../Core/Src/planner.c:376:16:setCurrentPosAxis	24	static
../Core/Src/planner.c:386:9:getCurrentPosAxis	16	static
